Copyright 1986-2017 Xilinx, Inc. All Rights Reserved.
-----------------------------------------------------------------------------------------
| Tool Version : Vivado v.2017.4 (win64) Build 2086221 Fri Dec 15 20:55:39 MST 2017
| Date         : Tue Mar 20 19:15:41 2018
| Host         : WIN-MJ2I8SI0RJV running 64-bit major release  (build 9200)
| Command      : report_control_sets -verbose -file base_wrapper_control_sets_placed.rpt
| Design       : base_wrapper
| Device       : xc7z020
-----------------------------------------------------------------------------------------

Control Set Information

Table of Contents
-----------------
1. Summary
2. Flip-Flop Distribution
3. Detailed Control Set Information

1. Summary
----------

+----------------------------------------------------------+-------+
|                          Status                          | Count |
+----------------------------------------------------------+-------+
| Number of unique control sets                            |    59 |
| Unused register locations in slices containing registers |   198 |
+----------------------------------------------------------+-------+


2. Flip-Flop Distribution
-------------------------

+--------------+-----------------------+------------------------+-----------------+--------------+
| Clock Enable | Synchronous Set/Reset | Asynchronous Set/Reset | Total Registers | Total Slices |
+--------------+-----------------------+------------------------+-----------------+--------------+
| No           | No                    | No                     |             759 |          189 |
| No           | No                    | Yes                    |               0 |            0 |
| No           | Yes                   | No                     |             639 |          242 |
| Yes          | No                    | No                     |             471 |          105 |
| Yes          | No                    | Yes                    |               0 |            0 |
| Yes          | Yes                   | No                     |             461 |          125 |
+--------------+-----------------------+------------------------+-----------------+--------------+


3. Detailed Control Set Information
-----------------------------------

+---------------------------------------------+------------------------------------------------------------------------------------------------------------------------------------------------------------+--------------------------------------------------------------------------------------------------------------------------------------+------------------+----------------+
|                 Clock Signal                |                                                                        Enable Signal                                                                       |                                                           Set/Reset Signal                                                           | Slice Load Count | Bel Load Count |
+---------------------------------------------+------------------------------------------------------------------------------------------------------------------------------------------------------------+--------------------------------------------------------------------------------------------------------------------------------------+------------------+----------------+
|  base_i/processing_system7_0/inst/FCLK_CLK0 | base_i/ps7_0_axi_periph/s00_couplers/auto_pc/inst/gen_axilite.gen_b2s_conv.axilite_b2s/WR.b_channel_0/bid_fifo_0/bresp_push                                |                                                                                                                                      |                1 |              2 |
|  base_i/processing_system7_0/inst/FCLK_CLK0 |                                                                                                                                                            | base_i/ps7_0_axi_periph/s00_couplers/auto_pc/inst/gen_axilite.gen_b2s_conv.axilite_b2s/SI_REG/aw.aw_pipe/s_ready_i_reg_0             |                2 |              4 |
|  base_i/processing_system7_0/inst/FCLK_CLK0 |                                                                                                                                                            | base_i/axi_gpio_1/U0/AXI_LITE_IPIF_I/I_SLAVE_ATTACHMENT/clear                                                                        |                1 |              4 |
|  base_i/processing_system7_0/inst/FCLK_CLK0 |                                                                                                                                                            | base_i/axi_gpio_0/U0/AXI_LITE_IPIF_I/I_SLAVE_ATTACHMENT/clear                                                                        |                1 |              4 |
|  base_i/processing_system7_0/inst/FCLK_CLK0 | base_i/ps7_0_axi_periph/s00_couplers/auto_pc/inst/gen_axilite.gen_b2s_conv.axilite_b2s/WR.aw_channel_0/aw_cmd_fsm_0/E[0]                                   | base_i/ps7_0_axi_periph/s00_couplers/auto_pc/inst/gen_axilite.gen_b2s_conv.axilite_b2s/WR.aw_channel_0/aw_cmd_fsm_0/axlen_cnt_reg[7] |                1 |              4 |
|  base_i/processing_system7_0/inst/FCLK_CLK0 |                                                                                                                                                            | base_i/axi_gpio_2/U0/AXI_LITE_IPIF_I/I_SLAVE_ATTACHMENT/clear                                                                        |                1 |              4 |
|  base_i/processing_system7_0/inst/FCLK_CLK0 |                                                                                                                                                            | base_i/ps7_0_axi_periph/s00_couplers/auto_pc/inst/gen_axilite.gen_b2s_conv.axilite_b2s/SI_REG/ar.ar_pipe/m_valid_i_reg_0             |                3 |              4 |
|  base_i/processing_system7_0/inst/FCLK_CLK0 | base_i/ps7_0_axi_periph/s00_couplers/auto_pc/inst/gen_axilite.gen_b2s_conv.axilite_b2s/RD.ar_channel_0/ar_cmd_fsm_0/axlen_cnt_reg[4][0]                    | base_i/ps7_0_axi_periph/s00_couplers/auto_pc/inst/gen_axilite.gen_b2s_conv.axilite_b2s/RD.ar_channel_0/ar_cmd_fsm_0/axlen_cnt_reg[7] |                1 |              4 |
|  base_i/processing_system7_0/inst/FCLK_CLK0 |                                                                                                                                                            | base_i/rst_ps7_0_49M/U0/EXT_LPF/lpf_int                                                                                              |                1 |              5 |
|  base_i/processing_system7_0/inst/FCLK_CLK0 | base_i/rst_ps7_0_49M/U0/SEQ/seq_cnt_en                                                                                                                     | base_i/rst_ps7_0_49M/U0/SEQ/SEQ_COUNTER/clear                                                                                        |                1 |              6 |
|  base_i/processing_system7_0/inst/FCLK_CLK0 | base_i/ps7_0_axi_periph/s00_couplers/auto_pc/inst/gen_axilite.gen_b2s_conv.axilite_b2s/WR.b_channel_0/mhandshake_r                                         | base_i/ps7_0_axi_periph/s00_couplers/auto_pc/inst/gen_axilite.gen_b2s_conv.axilite_b2s/WR.b_channel_0/bid_fifo_0/SR[0]               |                3 |              8 |
|  base_i/processing_system7_0/inst/FCLK_CLK0 | base_i/axi_gpio_2/U0/AXI_LITE_IPIF_I/I_SLAVE_ATTACHMENT/bus2ip_addr_i[8]_i_1_n_0                                                                           | base_i/axi_gpio_2/U0/bus2ip_reset                                                                                                    |                2 |              8 |
|  base_i/processing_system7_0/inst/FCLK_CLK0 | base_i/axi_gpio_0/U0/AXI_LITE_IPIF_I/I_SLAVE_ATTACHMENT/bus2ip_addr_i[8]_i_1_n_0                                                                           | base_i/axi_gpio_0/U0/bus2ip_reset                                                                                                    |                3 |              8 |
|  base_i/processing_system7_0/inst/FCLK_CLK0 | base_i/axi_gpio_1/U0/AXI_LITE_IPIF_I/I_SLAVE_ATTACHMENT/bus2ip_addr_i[8]_i_1_n_0                                                                           | base_i/axi_gpio_1/U0/bus2ip_reset                                                                                                    |                3 |              8 |
|  base_i/processing_system7_0/inst/FCLK_CLK0 | base_i/ps7_0_axi_periph/s00_couplers/auto_pc/inst/gen_axilite.gen_b2s_conv.axilite_b2s/WR.aw_channel_0/cmd_translator_0/incr_cmd_0/axaddr_incr[11]_i_1_n_0 |                                                                                                                                      |                3 |             12 |
|  base_i/processing_system7_0/inst/FCLK_CLK0 | base_i/ps7_0_axi_periph/s00_couplers/auto_pc/inst/gen_axilite.gen_b2s_conv.axilite_b2s/WR.aw_channel_0/aw_cmd_fsm_0/wrap_boundary_axaddr_r_reg[0][0]       |                                                                                                                                      |                5 |             12 |
|  base_i/processing_system7_0/inst/FCLK_CLK0 | base_i/ps7_0_axi_periph/s00_couplers/auto_pc/inst/gen_axilite.gen_b2s_conv.axilite_b2s/RD.ar_channel_0/ar_cmd_fsm_0/axaddr_incr_reg[0][0]                  |                                                                                                                                      |                2 |             12 |
|  base_i/processing_system7_0/inst/FCLK_CLK0 | base_i/ps7_0_axi_periph/s00_couplers/auto_pc/inst/gen_axilite.gen_b2s_conv.axilite_b2s/RD.ar_channel_0/ar_cmd_fsm_0/E[0]                                   |                                                                                                                                      |                6 |             12 |
|  base_i/processing_system7_0/inst/FCLK_CLK0 | base_i/ps7_0_axi_periph/s00_couplers/auto_pc/inst/gen_axilite.gen_b2s_conv.axilite_b2s/RD.r_channel_0/r_push_r                                             |                                                                                                                                      |                4 |             13 |
|  base_i/processing_system7_0/inst/FCLK_CLK0 |                                                                                                                                                            | base_i/ps7_0_axi_periph/xbar/inst/gen_sasd.crossbar_sasd_0/addr_arbiter_inst/SR[0]                                                   |                5 |             13 |
|  base_i/processing_system7_0/inst/FCLK_CLK0 | base_i/ps7_0_axi_periph/s00_couplers/auto_pc/inst/gen_axilite.gen_b2s_conv.axilite_b2s/SI_REG/b.b_pipe/skid_buffer_reg[0]_0                                |                                                                                                                                      |                3 |             14 |
|  base_i/processing_system7_0/inst/FCLK_CLK0 | base_i/ps7_0_axi_periph/s00_couplers/auto_pc/inst/gen_axilite.gen_b2s_conv.axilite_b2s/SI_REG/b.b_pipe/p_1_in                                              |                                                                                                                                      |                2 |             14 |
|  base_i/processing_system7_0/inst/FCLK_CLK0 | base_i/ps7_0_axi_periph/s00_couplers/auto_pc/inst/gen_axilite.gen_b2s_conv.axilite_b2s/WR.aw_channel_0/aw_cmd_fsm_0/b_push                                 |                                                                                                                                      |                3 |             16 |
|  base_i/processing_system7_0/inst/FCLK_CLK0 | base_i/axi_gpio_0/U0/AXI_LITE_IPIF_I/I_SLAVE_ATTACHMENT/start2                                                                                             | base_i/axi_gpio_0/U0/AXI_LITE_IPIF_I/I_SLAVE_ATTACHMENT/I_DECODER/GEN_BKEND_CE_REGISTERS[19].ce_out_i[19]_i_1_n_0                    |                5 |             21 |
|  base_i/processing_system7_0/inst/FCLK_CLK0 | base_i/axi_gpio_1/U0/AXI_LITE_IPIF_I/I_SLAVE_ATTACHMENT/start2                                                                                             | base_i/axi_gpio_1/U0/AXI_LITE_IPIF_I/I_SLAVE_ATTACHMENT/I_DECODER/GEN_BKEND_CE_REGISTERS[19].ce_out_i[19]_i_1_n_0                    |                4 |             21 |
|  base_i/processing_system7_0/inst/FCLK_CLK0 | base_i/ps7_0_axi_periph/s00_couplers/auto_pc/inst/gen_axilite.gen_b2s_conv.axilite_b2s/RD.ar_channel_0/ar_cmd_fsm_0/axlen_cnt_reg[4][0]                    |                                                                                                                                      |                9 |             21 |
|  base_i/processing_system7_0/inst/FCLK_CLK0 | base_i/axi_gpio_2/U0/AXI_LITE_IPIF_I/I_SLAVE_ATTACHMENT/start2                                                                                             | base_i/axi_gpio_2/U0/AXI_LITE_IPIF_I/I_SLAVE_ATTACHMENT/I_DECODER/GEN_BKEND_CE_REGISTERS[19].ce_out_i[19]_i_1_n_0                    |                5 |             21 |
|  base_i/processing_system7_0/inst/FCLK_CLK0 | base_i/ps7_0_axi_periph/s00_couplers/auto_pc/inst/gen_axilite.gen_b2s_conv.axilite_b2s/WR.aw_channel_0/aw_cmd_fsm_0/E[0]                                   |                                                                                                                                      |                7 |             21 |
|  base_i/processing_system7_0/inst/FCLK_CLK0 | base_i/ps7_0_axi_periph/xbar/inst/gen_sasd.crossbar_sasd_0/addr_arbiter_inst/p_0_in1_in                                                                    | base_i/ps7_0_axi_periph/xbar/inst/gen_sasd.crossbar_sasd_0/addr_arbiter_inst/SR[0]                                                   |                8 |             23 |
|  base_i/processing_system7_0/inst/FCLK_CLK0 | base_i/axi_gpio_0/U0/AXI_LITE_IPIF_I/I_SLAVE_ATTACHMENT/I_DECODER/Dual.gpio2_OE_reg[0][0]                                                                  | base_i/axi_gpio_0/U0/bus2ip_reset                                                                                                    |                4 |             25 |
|  base_i/processing_system7_0/inst/FCLK_CLK0 | base_i/axi_gpio_0/U0/AXI_LITE_IPIF_I/I_SLAVE_ATTACHMENT/I_DECODER/Dual.gpio_OE_reg[0][0]                                                                   | base_i/axi_gpio_0/U0/bus2ip_reset                                                                                                    |                5 |             25 |
|  base_i/processing_system7_0/inst/FCLK_CLK0 | base_i/axi_gpio_0/U0/AXI_LITE_IPIF_I/I_SLAVE_ATTACHMENT/I_DECODER/E[0]                                                                                     | base_i/axi_gpio_0/U0/bus2ip_reset                                                                                                    |                4 |             25 |
|  base_i/processing_system7_0/inst/FCLK_CLK0 | base_i/axi_gpio_1/U0/AXI_LITE_IPIF_I/I_SLAVE_ATTACHMENT/I_DECODER/Dual.gpio_OE_reg[0][0]                                                                   | base_i/axi_gpio_1/U0/bus2ip_reset                                                                                                    |                5 |             25 |
|  base_i/processing_system7_0/inst/FCLK_CLK0 | base_i/axi_gpio_1/U0/AXI_LITE_IPIF_I/I_SLAVE_ATTACHMENT/I_DECODER/Dual.gpio2_Data_Out_reg[0][0]                                                            | base_i/axi_gpio_1/U0/bus2ip_reset                                                                                                    |                6 |             25 |
|  base_i/processing_system7_0/inst/FCLK_CLK0 | base_i/axi_gpio_1/U0/AXI_LITE_IPIF_I/I_SLAVE_ATTACHMENT/I_DECODER/Dual.gpio2_OE_reg[0][0]                                                                  | base_i/axi_gpio_1/U0/bus2ip_reset                                                                                                    |                6 |             25 |
|  base_i/processing_system7_0/inst/FCLK_CLK0 | base_i/axi_gpio_2/U0/AXI_LITE_IPIF_I/I_SLAVE_ATTACHMENT/I_DECODER/E[0]                                                                                     | base_i/axi_gpio_2/U0/bus2ip_reset                                                                                                    |               10 |             25 |
|  base_i/processing_system7_0/inst/FCLK_CLK0 | base_i/axi_gpio_0/U0/AXI_LITE_IPIF_I/I_SLAVE_ATTACHMENT/I_DECODER/Dual.gpio2_Data_Out_reg[0][0]                                                            | base_i/axi_gpio_0/U0/bus2ip_reset                                                                                                    |                4 |             25 |
|  base_i/processing_system7_0/inst/FCLK_CLK0 | base_i/axi_gpio_1/U0/AXI_LITE_IPIF_I/I_SLAVE_ATTACHMENT/I_DECODER/E[0]                                                                                     | base_i/axi_gpio_1/U0/bus2ip_reset                                                                                                    |               12 |             25 |
|  base_i/processing_system7_0/inst/FCLK_CLK0 | base_i/axi_gpio_2/U0/AXI_LITE_IPIF_I/I_SLAVE_ATTACHMENT/I_DECODER/Not_Dual.gpio_OE_reg[0][0]                                                               | base_i/axi_gpio_2/U0/bus2ip_reset                                                                                                    |               11 |             25 |
|  base_i/processing_system7_0/inst/FCLK_CLK0 | base_i/axi_gpio_1/U0/AXI_LITE_IPIF_I/I_SLAVE_ATTACHMENT/s_axi_rdata_i[31]_i_1_n_0                                                                          | base_i/axi_gpio_1/U0/bus2ip_reset                                                                                                    |               10 |             26 |
|  base_i/processing_system7_0/inst/FCLK_CLK0 | base_i/axi_gpio_0/U0/AXI_LITE_IPIF_I/I_SLAVE_ATTACHMENT/s_axi_rdata_i[31]_i_1_n_0                                                                          | base_i/axi_gpio_0/U0/bus2ip_reset                                                                                                    |                5 |             26 |
|  base_i/processing_system7_0/inst/FCLK_CLK0 | base_i/axi_gpio_2/U0/AXI_LITE_IPIF_I/I_SLAVE_ATTACHMENT/s_axi_rdata_i[31]_i_1_n_0                                                                          | base_i/axi_gpio_2/U0/bus2ip_reset                                                                                                    |                7 |             27 |
|  base_i/processing_system7_0/inst/FCLK_CLK0 | base_i/ps7_0_axi_periph/xbar/inst/gen_sasd.crossbar_sasd_0/reg_slice_r/aa_rready                                                                           |                                                                                                                                      |                7 |             32 |
|  base_i/processing_system7_0/inst/FCLK_CLK0 | base_i/ps7_0_axi_periph/s00_couplers/auto_pc/inst/gen_axilite.gen_b2s_conv.axilite_b2s/RD.r_channel_0/rd_data_fifo_0/wr_en0                                |                                                                                                                                      |                9 |             34 |
|  base_i/processing_system7_0/inst/FCLK_CLK0 | base_i/ps7_0_axi_periph/xbar/inst/gen_sasd.crossbar_sasd_0/addr_arbiter_inst/E[0]                                                                          |                                                                                                                                      |                9 |             35 |
|  base_i/processing_system7_0/inst/FCLK_CLK0 | base_i/ps7_0_axi_periph/s00_couplers/auto_pc/inst/gen_axilite.gen_b2s_conv.axilite_b2s/SI_REG/r.r_pipe/p_1_in                                              |                                                                                                                                      |                8 |             47 |
|  base_i/processing_system7_0/inst/FCLK_CLK0 | base_i/ps7_0_axi_periph/s00_couplers/auto_pc/inst/gen_axilite.gen_b2s_conv.axilite_b2s/SI_REG/r.r_pipe/skid_buffer_reg[0]_0                                |                                                                                                                                      |                8 |             47 |
|  base_i/processing_system7_0/inst/FCLK_CLK0 | base_i/ps7_0_axi_periph/s00_couplers/auto_pc/inst/gen_axilite.gen_b2s_conv.axilite_b2s/WR.aw_channel_0/aw_cmd_fsm_0/m_payload_i_reg[0][0]                  |                                                                                                                                      |                8 |             48 |
|  base_i/processing_system7_0/inst/FCLK_CLK0 | base_i/ps7_0_axi_periph/s00_couplers/auto_pc/inst/gen_axilite.gen_b2s_conv.axilite_b2s/SI_REG/ar.ar_pipe/s_axi_arready                                     |                                                                                                                                      |                9 |             48 |
|  base_i/processing_system7_0/inst/FCLK_CLK0 | base_i/ps7_0_axi_periph/s00_couplers/auto_pc/inst/gen_axilite.gen_b2s_conv.axilite_b2s/SI_REG/aw.aw_pipe/s_axi_awready                                     |                                                                                                                                      |               11 |             48 |
|  base_i/processing_system7_0/inst/FCLK_CLK0 | base_i/ps7_0_axi_periph/s00_couplers/auto_pc/inst/gen_axilite.gen_b2s_conv.axilite_b2s/RD.ar_channel_0/ar_cmd_fsm_0/m_payload_i_reg[0]_1[0]                |                                                                                                                                      |                8 |             48 |
|  base_i/processing_system7_0/inst/FCLK_CLK0 |                                                                                                                                                            | base_i/axi_gpio_2/U0/AXI_LITE_IPIF_I/I_SLAVE_ATTACHMENT/I_DECODER/Not_Dual.ALLOUT0_ND.READ_REG_GEN[0].reg1_reg[7]_0                  |               17 |             50 |
|  base_i/processing_system7_0/inst/FCLK_CLK0 |                                                                                                                                                            | base_i/ps7_0_axi_periph/s00_couplers/auto_pc/inst/gen_axilite.gen_b2s_conv.axilite_b2s/areset_d1                                     |               15 |             59 |
|  base_i/processing_system7_0/inst/FCLK_CLK0 |                                                                                                                                                            | base_i/axi_gpio_2/U0/bus2ip_reset                                                                                                    |               30 |             78 |
|  base_i/processing_system7_0/inst/FCLK_CLK0 |                                                                                                                                                            | base_i/axi_gpio_1/U0/AXI_LITE_IPIF_I/I_SLAVE_ATTACHMENT/I_DECODER/Dual.ALLOUT0_ND_G2.READ_REG2_GEN[0].reg4_reg[7]_0                  |               40 |            100 |
|  base_i/processing_system7_0/inst/FCLK_CLK0 |                                                                                                                                                            | base_i/axi_gpio_0/U0/AXI_LITE_IPIF_I/I_SLAVE_ATTACHMENT/I_DECODER/Dual.ALLOUT0_ND_G2.READ_REG2_GEN[0].reg4_reg[7]_0                  |               38 |            100 |
|  base_i/processing_system7_0/inst/FCLK_CLK0 |                                                                                                                                                            | base_i/axi_gpio_0/U0/bus2ip_reset                                                                                                    |               42 |            107 |
|  base_i/processing_system7_0/inst/FCLK_CLK0 |                                                                                                                                                            | base_i/axi_gpio_1/U0/bus2ip_reset                                                                                                    |               46 |            107 |
|  base_i/processing_system7_0/inst/FCLK_CLK0 |                                                                                                                                                            |                                                                                                                                      |              190 |            760 |
+---------------------------------------------+------------------------------------------------------------------------------------------------------------------------------------------------------------+--------------------------------------------------------------------------------------------------------------------------------------+------------------+----------------+


+--------+-----------------------+
| Fanout | Number of ControlSets |
+--------+-----------------------+
| 2      |                     1 |
| 4      |                     7 |
| 5      |                     1 |
| 6      |                     1 |
| 8      |                     4 |
| 12     |                     4 |
| 13     |                     2 |
| 14     |                     2 |
| 16+    |                    37 |
+--------+-----------------------+


